I'm sorry, but errors were detected in your script. Please correct the
errors listed below, and try again.


File "game/script.rpy", line 105: expected a keyword argument or child statement.
    "you sucessfully found your classes"
    ^

Ren'Py Version: Ren'Py 8.1.3.23091805
Mon Dec  4 09:37:45 2023
